Resolving dependencies...
Downloading packages...
  app_links 6.4.1 (7.0.0 available)
  characters 1.4.0 (1.4.1 available)
  confetti 0.7.0 (0.8.0 available)
  flutter_lints 5.0.0 (6.0.0 available)
  flutter_riverpod 2.6.1 (3.1.0 available)
  lints 5.1.1 (6.0.0 available)
  matcher 0.12.17 (0.12.18 available)
  material_color_utilities 0.11.1 (0.13.0 available)
  riverpod 2.6.1 (3.1.0 available)
  test_api 0.7.7 (0.7.8 available)
Got dependencies!
10 packages have newer versions incompatible with dependency constraints.
Try `flutter pub outdated` for more information.
Warning: Building for device with codesigning disabled. You will have to manually codesign before deploying to device.
Building com.nertzroyale.nertzRoyale for device (ios-release)...
Running Xcode build...                                          
Xcode build done.                                            7.4s
Failed to build iOS app
Error output from Xcode build:
↳
    ** BUILD FAILED **


Xcode's output:
↳
    Writing result bundle at path:
    	/var/folders/fc/95mqmsns26z3h36p0zccszvh0000gn/T/flutter_tools.LuH8oc/flutter_ios_build_temp_dir8sMLGl/temporary_xcresult_bundle

    lib/ui/screens/game_screen.dart:510:15: Error: The method '_showFloatingScore' isn't defined for the type '_GameScreenState'.
     - '_GameScreenState' is from 'package:nertz_royale/ui/screens/game_screen.dart' ('lib/ui/screens/game_screen.dart').
    Try correcting the name to the name of an existing method, or defining a method named '_showFloatingScore'.
                  _showFloatingScore(-penalty, color: GameTheme.error, alignment: alignment, fontScale: 1.5);
                  ^^^^^^^^^^^^^^^^^^
    lib/ui/screens/game_screen.dart:519:14: Error: The method '_showFloatingScore' isn't defined for the type '_GameScreenState'.
     - '_GameScreenState' is from 'package:nertz_royale/ui/screens/game_screen.dart' ('lib/ui/screens/game_screen.dart').
    Try correcting the name to the name of an existing method, or defining a method named '_showFloatingScore'.
                 _showFloatingScore(-myPenalty, color: GameTheme.error, alignment: const Alignment(0, 0.2), fontScale: 1.5, textPrefix: "Penalty: ");
                 ^^^^^^^^^^^^^^^^^^
    Target kernel_snapshot_program failed: Exception
    Failed to package /Users/alexdamore/Desktop/Vibe_Code/Antigravity/Antigravity_Dec282025_Nertz/nertz_royale.
    Command PhaseScriptExecution failed with a nonzero exit code
    note: Run script build phase 'Thin Binary' will be run during every build because the option to run the script phase "Based on dependency analysis" is unchecked. (in target 'Runner' from project 'Runner')
    note: Run script build phase 'Run Script' will be run during every build because the option to run the script phase "Based on dependency analysis" is unchecked. (in target 'Runner' from project 'Runner')

Encountered error while building for device.
